
> campus-connect@0.1.0 build
> next build

  笆ｲ Next.js 14.2.3
  - Environments: .env

   Creating an optimized production build ...
Failed to compile.

./components/SearchInput.tsx
Error: 
  x You're importing a component that needs useRouter. It only works in a Client Component but none of its parents are marked with "use client", so they're Server Components by default.
  | Learn more: https://nextjs.org/docs/getting-started/react-essentials
  | 
  | 
   ,-[C:\Users\kirataiki\Desktop\playground\Fban\components\SearchInput.tsx:1:1]
 1 | import { Search } from "lucide-react";
 2 | import { useRouter, useSearchParams } from "next/navigation";
   :          ^^^^^^^^^
 3 | import { useState, useEffect } from "react";
 4 | import { Dialog, DialogContent, DialogTrigger } from "@/components/ui/dialog";
 4 | import { Button } from "@/components/ui/button";
   `----

  x You're importing a component that needs useSearchParams. It only works in a Client Component but none of its parents are marked with "use client", so they're Server Components by default.
  | Learn more: https://nextjs.org/docs/getting-started/react-essentials
  | 
  | 
   ,-[C:\Users\kirataiki\Desktop\playground\Fban\components\SearchInput.tsx:1:1]
 1 | import { Search } from "lucide-react";
 2 | import { useRouter, useSearchParams } from "next/navigation";
   :                     ^^^^^^^^^^^^^^^
 3 | import { useState, useEffect } from "react";
 4 | import { Dialog, DialogContent, DialogTrigger } from "@/components/ui/dialog";
 4 | import { Button } from "@/components/ui/button";
   `----

  x You're importing a component that needs useState. It only works in a Client Component but none of its parents are marked with "use client", so they're Server Components by default.
  | Learn more: https://nextjs.org/docs/getting-started/react-essentials
  | 
  | 
   ,-[C:\Users\kirataiki\Desktop\playground\Fban\components\SearchInput.tsx:1:1]
 1 | import { Search } from "lucide-react";
 2 | import { useRouter, useSearchParams } from "next/navigation";
 3 | import { useState, useEffect } from "react";
   :          ^^^^^^^^
 4 | import { Dialog, DialogContent, DialogTrigger } from "@/components/ui/dialog";
 5 | import { Button } from "@/components/ui/button";
 5 | 
   `----

  x You're importing a component that needs useEffect. It only works in a Client Component but none of its parents are marked with "use client", so they're Server Components by default.
  | Learn more: https://nextjs.org/docs/getting-started/react-essentials
  | 
  | 
   ,-[C:\Users\kirataiki\Desktop\playground\Fban\components\SearchInput.tsx:1:1]
 1 | import { Search } from "lucide-react";
 2 | import { useRouter, useSearchParams } from "next/navigation";
 3 | import { useState, useEffect } from "react";
   :                    ^^^^^^^^^
 4 | import { Dialog, DialogContent, DialogTrigger } from "@/components/ui/dialog";
 5 | import { Button } from "@/components/ui/button";
 5 | 
   `----

Import trace for requested module:
./components/SearchInput.tsx
./components/layout/Header.tsx
./app/layout.tsx


> Build failed because of webpack errors
